/downloads/ImagoToolkit-1.0-RC-install.exe
/downloads/IndigoELN1.0_ALL_Sources_for_Windows.zip
/downloads/alter-ego-1.0-RC-linux32.zip
/downloads/alter-ego-1.0-RC-linux64.zip
/downloads/alter-ego-1.0-RC-osx-10.5.zip
/downloads/alter-ego-1.0-RC-osx-10.6.zip
/downloads/alter-ego-1.0-RC-win32.zip
/downloads/alter-ego-1.0-RC-win64.zip
/downloads/bingo-1.7.8b2/bingo-oracle-1.7.8b2-linux32.zip
/downloads/bingo-1.7.8b2/bingo-oracle-1.7.8b2-linux64.zip
/downloads/bingo-1.7.8b2/bingo-oracle-1.7.8b2-win32.zip
/downloads/bingo-1.7.8b2/bingo-oracle-1.7.8b2-win64.zip
/downloads/bingo-1.7.8b2/bingo-postgres9.0-1.7.8b2-linux32.zip
/downloads/bingo-1.7.8b2/bingo-postgres9.0-1.7.8b2-linux64.zip
/downloads/bingo-1.7.8b2/bingo-postgres9.0-1.7.8b2-mac10.5.zip
/downloads/bingo-1.7.8b2/bingo-postgres9.0-1.7.8b2-mac10.6.zip
/downloads/bingo-1.7.8b2/bingo-postgres9.0-1.7.8b2-win32.zip
/downloads/bingo-1.7.8b2/bingo-postgres9.0-1.7.8b2-win64.zip
/downloads/bingo-1.7.8b2/bingo-postgres9.1-1.7.8b2-linux32.zip
/downloads/bingo-1.7.8b2/bingo-postgres9.1-1.7.8b2-linux64.zip
/downloads/bingo-1.7.8b2/bingo-postgres9.1-1.7.8b2-mac10.5.zip
/downloads/bingo-1.7.8b2/bingo-postgres9.1-1.7.8b2-mac10.6.zip
/downloads/bingo-1.7.8b2/bingo-postgres9.1-1.7.8b2-win32.zip
/downloads/bingo-1.7.8b2/bingo-postgres9.1-1.7.8b2-win64.zip
/downloads/bingo-1.7.8b2/bingo-postgres9.2-1.7.8b2-linux32.zip
/downloads/bingo-1.7.8b2/bingo-postgres9.2-1.7.8b2-linux64.zip
/downloads/bingo-1.7.8b2/bingo-postgres9.2-1.7.8b2-mac10.5.zip
/downloads/bingo-1.7.8b2/bingo-postgres9.2-1.7.8b2-mac10.6.zip
/downloads/bingo-1.7.8b2/bingo-postgres9.2-1.7.8b2-win32.zip
/downloads/bingo-1.7.8b2/bingo-postgres9.2-1.7.8b2-win64.zip
/downloads/bingo-1.7.8b2/bingo-sqlserver-1.7.8b2.zip
/downloads/bingo-1.7.9/bingo-1.7.9-src.zip
/downloads/bingo-1.7.9/bingo-oracle-1.7.9-linux32.zip
/downloads/bingo-1.7.9/bingo-oracle-1.7.9-linux64.zip
/downloads/bingo-1.7.9/bingo-oracle-1.7.9-win32.zip
/downloads/bingo-1.7.9/bingo-oracle-1.7.9-win64.zip
/downloads/bingo-1.7.9/bingo-postgres9.0-1.7.9-linux32.zip
/downloads/bingo-1.7.9/bingo-postgres9.0-1.7.9-linux64.zip
/downloads/bingo-1.7.9/bingo-postgres9.0-1.7.9-mac10.6.zip
/downloads/bingo-1.7.9/bingo-postgres9.0-1.7.9-win32.zip
/downloads/bingo-1.7.9/bingo-postgres9.0-1.7.9-win64.zip
/downloads/bingo-1.7.9/bingo-postgres9.1-1.7.9-linux32.zip
/downloads/bingo-1.7.9/bingo-postgres9.1-1.7.9-linux64.zip
/downloads/bingo-1.7.9/bingo-postgres9.1-1.7.9-mac10.6.zip
/downloads/bingo-1.7.9/bingo-postgres9.1-1.7.9-win32.zip
/downloads/bingo-1.7.9/bingo-postgres9.1-1.7.9-win64.zip
/downloads/bingo-1.7.9/bingo-postgres9.2-1.7.9-linux32.zip
/downloads/bingo-1.7.9/bingo-postgres9.2-1.7.9-linux64.zip
/downloads/bingo-1.7.9/bingo-postgres9.2-1.7.9-mac10.6.zip
/downloads/bingo-1.7.9/bingo-postgres9.2-1.7.9-win32.zip
/downloads/bingo-1.7.9/bingo-postgres9.2-1.7.9-win64.zip
/downloads/bingo-1.7.9/bingo-sqlserver-1.7.9.zip
/downloads/ego-1.0-RC-linux.zip
/downloads/ego-1.0-RC-osx.zip
/downloads/ego-1.0-RC-windows.zip
/downloads/imago-1.0-RC-linux32.zip
/downloads/imago-1.0-RC-linux64.zip
/downloads/imago-1.0-RC-osx-10.5.zip
/downloads/imago-1.0-RC-osx-10.6.zip
/downloads/imago-1.0-RC-win32.zip
/downloads/imago-1.0-RC-win64.zip
/downloads/imago-2.0.0/ImagoGUI-2.0.0.dmg
/downloads/imago-2.0.0/imago-2.0.0-linux32-console.zip
/downloads/imago-2.0.0/imago-2.0.0-linux32-shared.zip
/downloads/imago-2.0.0/imago-2.0.0-linux64-console.zip
/downloads/imago-2.0.0/imago-2.0.0-linux64-shared.zip
/downloads/imago-2.0.0/imago-2.0.0-mac10.6-console.zip
/downloads/imago-2.0.0/imago-2.0.0-mac10.6-shared.zip
/downloads/imago-2.0.0/imago-2.0.0-src.zip
/downloads/imago-2.0.0/imago-2.0.0-win32-console.zip
/downloads/imago-2.0.0/imago-2.0.0-win32-shared.zip
/downloads/imago-2.0.0/imago-2.0.0-win64-console.zip
/downloads/imago-2.0.0/imago-2.0.0-win64-shared.zip
/downloads/imago-2.0.0/imago-gui-2.0.0-installer-win.exe
/downloads/imago-2.0.0/imago-gui-2.0.0-linux.zip
/downloads/imago-2.0.0/imago-gui-2.0.0-mac.zip
/downloads/imago-2.0.0/imago-gui-2.0.0-universal.zip
/downloads/imago-2.0.0/imago-gui-2.0.0-win.zip
/downloads/imago-2.0.0/jnlp/imago-ocr-visual-tool.jnlp
/downloads/imago-2.0.0/report.zip
/downloads/imago-java-1.0-RC-linux.zip
/downloads/imago-java-1.0-RC-osx.zip
/downloads/imago-java-1.0-RC-universal.zip
/downloads/imago-java-1.0-RC-windows.zip
/downloads/imago-src-1.0-RC.zip
/downloads/indigo-1.1.11/chemdiff-1.1.11-installer.exe
/downloads/indigo-1.1.11/chemdiff-1.1.11-linux.zip
/downloads/indigo-1.1.11/chemdiff-1.1.11-mac.zip
/downloads/indigo-1.1.11/indigo-1.1.11-src.zip
/downloads/indigo-1.1.11/indigo-dotnet-1.1.11-linux.zip
/downloads/indigo-1.1.11/indigo-dotnet-1.1.11-mac.zip
/downloads/indigo-1.1.11/indigo-dotnet-1.1.11-universal.zip
/downloads/indigo-1.1.11/indigo-dotnet-1.1.11-win.zip
/downloads/indigo-1.1.11/indigo-java-1.1.11-linux.zip
/downloads/indigo-1.1.11/indigo-java-1.1.11-mac.zip
/downloads/indigo-1.1.11/indigo-java-1.1.11-universal.zip
/downloads/indigo-1.1.11/indigo-java-1.1.11-win.zip
/downloads/indigo-1.1.11/indigo-libs-1.1.11-linux-shared.zip
/downloads/indigo-1.1.11/indigo-libs-1.1.11-linux-static.zip
/downloads/indigo-1.1.11/indigo-libs-1.1.11-mac-shared.zip
/downloads/indigo-1.1.11/indigo-libs-1.1.11-mac-static.zip
/downloads/indigo-1.1.11/indigo-libs-1.1.11-win-shared.zip
/downloads/indigo-1.1.11/indigo-libs-1.1.11-win-static.zip
/downloads/indigo-1.1.11/indigo-python-1.1.11-linux.zip
/downloads/indigo-1.1.11/indigo-python-1.1.11-mac.zip
/downloads/indigo-1.1.11/indigo-python-1.1.11-universal.zip
/downloads/indigo-1.1.11/indigo-python-1.1.11-win.zip
/downloads/indigo-1.1.11/indigo-utils-1.1.11-linux32.zip
/downloads/indigo-1.1.11/indigo-utils-1.1.11-linux64.zip
/downloads/indigo-1.1.11/indigo-utils-1.1.11-mac10.5.zip
/downloads/indigo-1.1.11/indigo-utils-1.1.11-mac10.6.zip
/downloads/indigo-1.1.11/indigo-utils-1.1.11-win32.zip
/downloads/indigo-1.1.11/indigo-utils-1.1.11-win64.zip
/downloads/indigo-1.1.11/legio-1.1.11-installer.exe
/downloads/indigo-1.1.11/legio-1.1.11-linux.zip
/downloads/indigo-1.1.11/legio-1.1.11-mac.zip
/downloads/indigo-1.1.12/chemdiff-1.1.12-installer.exe
/downloads/indigo-1.1.12/chemdiff-1.1.12-linux.zip
/downloads/indigo-1.1.12/chemdiff-1.1.12-mac.zip
/downloads/indigo-1.1.12/indigo-1.1.12-src.zip
/downloads/indigo-1.1.12/indigo-dotnet-1.1.12-linux.zip
/downloads/indigo-1.1.12/indigo-dotnet-1.1.12-mac.zip
/downloads/indigo-1.1.12/indigo-dotnet-1.1.12-universal.zip
/downloads/indigo-1.1.12/indigo-dotnet-1.1.12-win.zip
/downloads/indigo-1.1.12/indigo-java-1.1.12-linux.zip
/downloads/indigo-1.1.12/indigo-java-1.1.12-mac.zip
/downloads/indigo-1.1.12/indigo-java-1.1.12-universal.zip
/downloads/indigo-1.1.12/indigo-java-1.1.12-win.zip
/downloads/indigo-1.1.12/indigo-libs-1.1.12-linux-shared.zip
/downloads/indigo-1.1.12/indigo-libs-1.1.12-mac-shared.zip
/downloads/indigo-1.1.12/indigo-libs-1.1.12-win-shared.zip
/downloads/indigo-1.1.12/indigo-python-1.1.12-linux.zip
/downloads/indigo-1.1.12/indigo-python-1.1.12-mac.zip
/downloads/indigo-1.1.12/indigo-python-1.1.12-universal.zip
/downloads/indigo-1.1.12/indigo-python-1.1.12-win.zip
/downloads/indigo-1.1.12/indigo-utils-1.1.12-linux32.zip
/downloads/indigo-1.1.12/indigo-utils-1.1.12-linux64.zip
/downloads/indigo-1.1.12/indigo-utils-1.1.12-mac10.6.zip
/downloads/indigo-1.1.12/indigo-utils-1.1.12-win32.zip
/downloads/indigo-1.1.12/indigo-utils-1.1.12-win64.zip
/downloads/indigo-1.1.12/legio-1.1.12-installer.exe
/downloads/indigo-1.1.12/legio-1.1.12-linux.zip
/downloads/indigo-1.1.12/legio-1.1.12-mac.zip
/downloads/indigo-1.2-dev/1.2.1-layout-dev/indigo-dotnet-1.2.1-layout-dev-win.zip
/downloads/indigo-1.2-dev/1.2.1-layout-dev/indigo-java-1.2.1-layout-dev-win.zip
/downloads/indigo-1.2-dev/1.2.1-layout-dev/indigo-python-1.2.1-layout-dev-win.zip
/downloads/indigo-1.2-dev/indigo-1.2.1dev/indigo-dotnet-1.2.1dev-linux.zip
/downloads/indigo-1.2-dev/indigo-1.2.1dev/indigo-dotnet-1.2.1dev-mac.zip
/downloads/indigo-1.2-dev/indigo-1.2.1dev/indigo-dotnet-1.2.1dev-universal.zip
/downloads/indigo-1.2-dev/indigo-1.2.1dev/indigo-dotnet-1.2.1dev-win.zip
/downloads/indigo-1.2-dev/indigo-1.2.1dev/indigo-java-1.2.1dev-linux.zip
/downloads/indigo-1.2-dev/indigo-1.2.1dev/indigo-java-1.2.1dev-mac.zip
/downloads/indigo-1.2-dev/indigo-1.2.1dev/indigo-java-1.2.1dev-universal.zip
/downloads/indigo-1.2-dev/indigo-1.2.1dev/indigo-java-1.2.1dev-win.zip
/downloads/indigo-1.2-dev/indigo-1.2.1dev/indigo-libs-1.2.1dev-linux-shared.zip
/downloads/indigo-1.2-dev/indigo-1.2.1dev/indigo-libs-1.2.1dev-mac-shared.zip
/downloads/indigo-1.2-dev/indigo-1.2.1dev/indigo-libs-1.2.1dev-win-shared.zip
/downloads/indigo-1.2-dev/indigo-1.2.1dev/indigo-python-1.2.1dev-linux.zip
/downloads/indigo-1.2-dev/indigo-1.2.1dev/indigo-python-1.2.1dev-mac.zip
/downloads/indigo-1.2-dev/indigo-1.2.1dev/indigo-python-1.2.1dev-universal.zip
/downloads/indigo-1.2-dev/indigo-1.2.1dev/indigo-python-1.2.1dev-win.zip
/downloads/indigo-eln-1.0/Indigo ELN Installation Guide.pdf
/downloads/indigo-eln-1.0/IndigoELN1.0_Database_scripts_for_Windows.zip
/downloads/indigo-eln-1.0/IndigoELN1.0_Sources_for_Windows.zip
/downloads/indigo-eln-1.0/UsersToolForIndigoELN.zip
/downloads/indigo-eln-1.0/UsersToolForIndigoELN_src.zip
/downloads/indigo-eln-1.1.1/Indigo ELN 1.1.1 Installation Guide.pdf
/downloads/indigo-eln-1.1.1/Indigo ELN User Guide.pdf
/downloads/indigo-eln-1.1.1/IndigoELN1.1.1_Database_scripts_for_Windows.zip
/downloads/indigo-eln-1.1.1/IndigoELN1.1.1_Deployment_Units_with_GGA_services.zip
/downloads/indigo-eln-1.1.1/IndigoELN1.1.1_Deployment_Units_with_empty_services.zip
/downloads/indigo-eln-1.1.1/IndigoELN1.1.1_Sources.zip
/downloads/indigo-eln-1.1.1/UsersToolForIndigoELN-bin.zip
/downloads/indigo-eln-1.1.1/UsersToolForIndigoELN-src.zip
/downloads/indigo-eln-1.1.1/indigo-eln-crs.zip
/downloads/indigo-eln-1.1.3/Indigo ELN 1.1.3 CRS Installation Guide.pdf
/downloads/indigo-eln-1.1.3/Indigo ELN 1.1.3 Installation Guide.pdf
/downloads/indigo-eln-1.1.3/Indigo ELN User Guide.pdf
/downloads/indigo-eln-1.1.3/IndigoELN1.1.3_CRS.zip
/downloads/indigo-eln-1.1.3/IndigoELN1.1.3_Database_Scripts.zip
/downloads/indigo-eln-1.1.3/IndigoELN1.1.3_Deployment_Units_with_GGA_services.zip
/downloads/indigo-eln-1.1.3/IndigoELN1.1.3_Deployment_Units_with_empty_services.zip
/downloads/indigo-eln-1.1.3/IndigoELN1.1.3_Sources.zip
/downloads/indigo-eln-1.1.3/UsersToolForIndigoELN-bin.zip
/downloads/indigo-eln-1.1.3/UsersToolForIndigoELN-src.zip
/downloads/indigo-eln-1.1/Indigo ELN 1.1 Installation Guide.pdf
/downloads/indigo-eln-1.1/IndigoELN1.1_Database_scripts_for_Windows.zip
/downloads/indigo-eln-1.1/IndigoELN1.1_Deployment_Units_with_GGA_services.zip
/downloads/indigo-eln-1.1/IndigoELN1.1_Deployment_Units_with_empty_services.zip
/downloads/indigo-eln-1.1/IndigoELN1.1_Sources.zip
/downloads/indigo-eln-1.1/UsersToolForIndigoELN-bin.zip
/downloads/indigo-eln-1.1/UsersToolForIndigoELN-src.zip
/downloads/indigo-eln-1.1/indigo-eln-crs.zip
/downloads/ketcher/ketcher-1.0-beta5.zip
/downloads/parso-1.2.1.jar